2024-11-04 16:53:09 - Starting FitnessAppApplication using Java 22.0.2 with PID 11408 (C:\Users\milic\IdeaProjects\Fitness-App\target\classes started by milic in C:\Users\milic\IdeaProjects\Fitness-App)
2024-11-04 16:53:09 - No active profile set, falling back to 1 default profile: "default"
2024-11-04 16:53:10 - Bootstrapping Spring Data JPA repositories in DEFAULT mode.
2024-11-04 16:53:10 - Finished Spring Data repository scanning in 43 ms. Found 4 JPA repository interfaces.
2024-11-04 16:53:10 - Tomcat initialized with port 8080 (http)
2024-11-04 16:53:10 - Initializing ProtocolHandler ["http-nio-8080"]
2024-11-04 16:53:10 - Starting service [Tomcat]
2024-11-04 16:53:10 - Starting Servlet engine: [Apache Tomcat/10.1.28]
2024-11-04 16:53:10 - Initializing Spring embedded WebApplicationContext
2024-11-04 16:53:10 - Root WebApplicationContext: initialization completed in 1185 ms
2024-11-04 16:53:10 - HikariPool-1 - Starting...
2024-11-04 16:53:10 - HikariPool-1 - Added connection conn0: url=jdbc:h2:mem:testdb user=SA
2024-11-04 16:53:10 - HikariPool-1 - Start completed.
2024-11-04 16:53:10 - H2 console available at '/h2-console'. Database available at 'jdbc:h2:mem:testdb'
2024-11-04 16:53:11 - HHH000204: Processing PersistenceUnitInfo [name: default]
2024-11-04 16:53:11 - HHH000412: Hibernate ORM core version 6.5.2.Final
2024-11-04 16:53:11 - HHH000026: Second-level cache disabled
2024-11-04 16:53:11 - No LoadTimeWeaver setup: ignoring JPA class transformer
2024-11-04 16:53:12 - HHH000489: No JTA platform available (set 'hibernate.transaction.jta.platform' to enable JTA platform integration)
2024-11-04 16:53:12 - Initialized JPA EntityManagerFactory for persistence unit 'default'
2024-11-04 16:53:12 - spring.jpa.open-in-view is enabled by default. Therefore, database queries may be performed during view rendering. Explicitly configure spring.jpa.open-in-view to disable this warning
2024-11-04 16:53:12 - Global AuthenticationManager configured with UserDetailsService bean with name userDetailsService
2024-11-04 16:53:13 - Starting ProtocolHandler ["http-nio-8080"]
2024-11-04 16:53:13 - Tomcat started on port 8080 (http) with context path '/'
2024-11-04 16:53:13 - Started FitnessAppApplication in 4.311 seconds (process running for 5.68)
2024-11-04 17:33:48 - Closing JPA EntityManagerFactory for persistence unit 'default'
2024-11-04 17:33:48 - HikariPool-1 - Shutdown initiated...
2024-11-04 17:33:48 - HikariPool-1 - Shutdown completed.
2024-11-04 17:47:56 - Starting FitnessAppApplication using Java 22.0.2 with PID 7040 (C:\Users\milic\IdeaProjects\Fitness-App\target\classes started by milic in C:\Users\milic\IdeaProjects\Fitness-App)
2024-11-04 17:47:56 - No active profile set, falling back to 1 default profile: "default"
2024-11-04 17:47:57 - Bootstrapping Spring Data JPA repositories in DEFAULT mode.
2024-11-04 17:47:57 - Finished Spring Data repository scanning in 38 ms. Found 4 JPA repository interfaces.
2024-11-04 17:47:57 - Tomcat initialized with port 8080 (http)
2024-11-04 17:47:57 - Initializing ProtocolHandler ["http-nio-8080"]
2024-11-04 17:47:57 - Starting service [Tomcat]
2024-11-04 17:47:57 - Starting Servlet engine: [Apache Tomcat/10.1.28]
2024-11-04 17:47:57 - Initializing Spring embedded WebApplicationContext
2024-11-04 17:47:57 - Root WebApplicationContext: initialization completed in 1066 ms
2024-11-04 17:47:57 - HikariPool-1 - Starting...
2024-11-04 17:47:57 - HikariPool-1 - Added connection conn0: url=jdbc:h2:mem:testdb user=SA
2024-11-04 17:47:57 - HikariPool-1 - Start completed.
2024-11-04 17:47:57 - H2 console available at '/h2-console'. Database available at 'jdbc:h2:mem:testdb'
2024-11-04 17:47:57 - HHH000204: Processing PersistenceUnitInfo [name: default]
2024-11-04 17:47:57 - HHH000412: Hibernate ORM core version 6.5.2.Final
2024-11-04 17:47:57 - HHH000026: Second-level cache disabled
2024-11-04 17:47:58 - No LoadTimeWeaver setup: ignoring JPA class transformer
2024-11-04 17:47:58 - HHH000489: No JTA platform available (set 'hibernate.transaction.jta.platform' to enable JTA platform integration)
2024-11-04 17:47:58 - Initialized JPA EntityManagerFactory for persistence unit 'default'
2024-11-04 17:47:59 - spring.jpa.open-in-view is enabled by default. Therefore, database queries may be performed during view rendering. Explicitly configure spring.jpa.open-in-view to disable this warning
2024-11-04 17:47:59 - Global AuthenticationManager configured with UserDetailsService bean with name userDetailsService
2024-11-04 17:47:59 - Starting ProtocolHandler ["http-nio-8080"]
2024-11-04 17:47:59 - Tomcat started on port 8080 (http) with context path '/'
2024-11-04 17:47:59 - Started FitnessAppApplication in 3.496 seconds (process running for 3.984)
2024-11-04 17:48:24 - Initializing Spring DispatcherServlet 'dispatcherServlet'
2024-11-04 17:48:24 - Initializing Servlet 'dispatcherServlet'
2024-11-04 17:48:24 - Completed initialization in 0 ms
2024-11-04 17:49:17 - Closing JPA EntityManagerFactory for persistence unit 'default'
2024-11-04 17:49:17 - HikariPool-1 - Shutdown initiated...
2024-11-04 17:49:17 - HikariPool-1 - Shutdown completed.
