2024-10-24 16:39:30 - Starting FitnessAppApplication using Java 22.0.2 with PID 17072 (C:\Users\milic\IdeaProjects\Fitness-App\target\classes started by milic in C:\Users\milic\IdeaProjects\Fitness-App)
2024-10-24 16:39:30 - No active profile set, falling back to 1 default profile: "default"
2024-10-24 16:39:30 - Bootstrapping Spring Data JPA repositories in DEFAULT mode.
2024-10-24 16:39:30 - Finished Spring Data repository scanning in 57 ms. Found 4 JPA repository interfaces.
2024-10-24 16:39:31 - Tomcat initialized with port 8080 (http)
2024-10-24 16:39:31 - Initializing ProtocolHandler ["http-nio-8080"]
2024-10-24 16:39:31 - Starting service [Tomcat]
2024-10-24 16:39:31 - Starting Servlet engine: [Apache Tomcat/10.1.28]
2024-10-24 16:39:31 - Initializing Spring embedded WebApplicationContext
2024-10-24 16:39:31 - Root WebApplicationContext: initialization completed in 1287 ms
2024-10-24 16:39:31 - HikariPool-1 - Starting...
2024-10-24 16:39:31 - HikariPool-1 - Added connection conn0: url=jdbc:h2:mem:testdb user=SA
2024-10-24 16:39:31 - HikariPool-1 - Start completed.
2024-10-24 16:39:31 - H2 console available at '/h2-console'. Database available at 'jdbc:h2:mem:testdb'
2024-10-24 16:39:31 - HHH000204: Processing PersistenceUnitInfo [name: default]
2024-10-24 16:39:31 - HHH000412: Hibernate ORM core version 6.5.2.Final
2024-10-24 16:39:31 - HHH000026: Second-level cache disabled
2024-10-24 16:39:32 - No LoadTimeWeaver setup: ignoring JPA class transformer
2024-10-24 16:39:32 - HHH000489: No JTA platform available (set 'hibernate.transaction.jta.platform' to enable JTA platform integration)
2024-10-24 16:39:33 - Initialized JPA EntityManagerFactory for persistence unit 'default'
2024-10-24 16:39:33 - Hibernate is in classpath; If applicable, HQL parser will be used.
2024-10-24 16:39:33 - spring.jpa.open-in-view is enabled by default. Therefore, database queries may be performed during view rendering. Explicitly configure spring.jpa.open-in-view to disable this warning
2024-10-24 16:39:33 - Starting ProtocolHandler ["http-nio-8080"]
2024-10-24 16:39:33 - Tomcat started on port 8080 (http) with context path '/'
2024-10-24 16:39:33 - Started FitnessAppApplication in 4.215 seconds (process running for 9.853)
2024-10-24 16:39:57 - Initializing Spring DispatcherServlet 'dispatcherServlet'
2024-10-24 16:39:57 - Initializing Servlet 'dispatcherServlet'
2024-10-24 16:39:57 - Completed initialization in 0 ms
2024-10-24 16:51:43 - Closing JPA EntityManagerFactory for persistence unit 'default'
2024-10-24 16:51:43 - HikariPool-1 - Shutdown initiated...
2024-10-24 16:51:43 - HikariPool-1 - Shutdown completed.
2024-10-24 16:52:59 - Starting FitnessAppApplication using Java 22.0.2 with PID 14948 (C:\Users\milic\IdeaProjects\Fitness-App\target\classes started by milic in C:\Users\milic\IdeaProjects\Fitness-App)
2024-10-24 16:52:59 - No active profile set, falling back to 1 default profile: "default"
2024-10-24 16:53:00 - Bootstrapping Spring Data JPA repositories in DEFAULT mode.
2024-10-24 16:53:00 - Finished Spring Data repository scanning in 34 ms. Found 4 JPA repository interfaces.
2024-10-24 16:53:00 - Tomcat initialized with port 8080 (http)
2024-10-24 16:53:00 - Initializing ProtocolHandler ["http-nio-8080"]
2024-10-24 16:53:00 - Starting service [Tomcat]
2024-10-24 16:53:00 - Starting Servlet engine: [Apache Tomcat/10.1.28]
2024-10-24 16:53:00 - Initializing Spring embedded WebApplicationContext
2024-10-24 16:53:00 - Root WebApplicationContext: initialization completed in 872 ms
2024-10-24 16:53:00 - HikariPool-1 - Starting...
2024-10-24 16:53:00 - HikariPool-1 - Added connection conn0: url=jdbc:h2:mem:testdb user=SA
2024-10-24 16:53:00 - HikariPool-1 - Start completed.
2024-10-24 16:53:00 - H2 console available at '/h2-console'. Database available at 'jdbc:h2:mem:testdb'
2024-10-24 16:53:00 - HHH000204: Processing PersistenceUnitInfo [name: default]
2024-10-24 16:53:00 - HHH000412: Hibernate ORM core version 6.5.2.Final
2024-10-24 16:53:00 - HHH000026: Second-level cache disabled
2024-10-24 16:53:01 - No LoadTimeWeaver setup: ignoring JPA class transformer
2024-10-24 16:53:01 - HHH000489: No JTA platform available (set 'hibernate.transaction.jta.platform' to enable JTA platform integration)
2024-10-24 16:53:01 - Initialized JPA EntityManagerFactory for persistence unit 'default'
2024-10-24 16:53:02 - Hibernate is in classpath; If applicable, HQL parser will be used.
2024-10-24 16:53:02 - spring.jpa.open-in-view is enabled by default. Therefore, database queries may be performed during view rendering. Explicitly configure spring.jpa.open-in-view to disable this warning
2024-10-24 16:53:02 - Starting ProtocolHandler ["http-nio-8080"]
2024-10-24 16:53:02 - Tomcat started on port 8080 (http) with context path '/'
2024-10-24 16:53:02 - Started FitnessAppApplication in 3.611 seconds (process running for 4.539)
2024-10-24 16:53:13 - Initializing Spring DispatcherServlet 'dispatcherServlet'
2024-10-24 16:53:13 - Initializing Servlet 'dispatcherServlet'
2024-10-24 16:53:13 - Completed initialization in 8 ms
2024-10-24 16:56:01 - Closing JPA EntityManagerFactory for persistence unit 'default'
2024-10-24 16:56:01 - HikariPool-1 - Shutdown initiated...
2024-10-24 16:56:01 - HikariPool-1 - Shutdown completed.
2024-10-24 16:57:43 - Starting FitnessAppApplication using Java 22.0.2 with PID 9744 (C:\Users\milic\IdeaProjects\Fitness-App\target\classes started by milic in C:\Users\milic\IdeaProjects\Fitness-App)
2024-10-24 16:57:43 - No active profile set, falling back to 1 default profile: "default"
2024-10-24 16:57:44 - Bootstrapping Spring Data JPA repositories in DEFAULT mode.
2024-10-24 16:57:44 - Finished Spring Data repository scanning in 51 ms. Found 4 JPA repository interfaces.
2024-10-24 16:57:45 - Tomcat initialized with port 8080 (http)
2024-10-24 16:57:45 - Initializing ProtocolHandler ["http-nio-8080"]
2024-10-24 16:57:45 - Starting service [Tomcat]
2024-10-24 16:57:45 - Starting Servlet engine: [Apache Tomcat/10.1.28]
2024-10-24 16:57:45 - Initializing Spring embedded WebApplicationContext
2024-10-24 16:57:45 - Root WebApplicationContext: initialization completed in 1301 ms
2024-10-24 16:57:45 - HikariPool-1 - Starting...
2024-10-24 16:57:45 - HikariPool-1 - Added connection conn0: url=jdbc:h2:mem:testdb user=SA
2024-10-24 16:57:45 - HikariPool-1 - Start completed.
2024-10-24 16:57:45 - H2 console available at '/h2-console'. Database available at 'jdbc:h2:mem:testdb'
2024-10-24 16:57:45 - HHH000204: Processing PersistenceUnitInfo [name: default]
2024-10-24 16:57:45 - HHH000412: Hibernate ORM core version 6.5.2.Final
2024-10-24 16:57:45 - HHH000026: Second-level cache disabled
2024-10-24 16:57:46 - No LoadTimeWeaver setup: ignoring JPA class transformer
2024-10-24 16:57:47 - HHH000489: No JTA platform available (set 'hibernate.transaction.jta.platform' to enable JTA platform integration)
2024-10-24 16:57:47 - Initialized JPA EntityManagerFactory for persistence unit 'default'
2024-10-24 16:57:47 - Hibernate is in classpath; If applicable, HQL parser will be used.
2024-10-24 16:57:47 - spring.jpa.open-in-view is enabled by default. Therefore, database queries may be performed during view rendering. Explicitly configure spring.jpa.open-in-view to disable this warning
2024-10-24 16:57:48 - Starting ProtocolHandler ["http-nio-8080"]
2024-10-24 16:57:48 - Tomcat started on port 8080 (http) with context path '/'
2024-10-24 16:57:48 - Started FitnessAppApplication in 5.246 seconds (process running for 7.407)
2024-10-24 16:59:23 - Closing JPA EntityManagerFactory for persistence unit 'default'
2024-10-24 16:59:23 - HikariPool-1 - Shutdown initiated...
2024-10-24 16:59:23 - HikariPool-1 - Shutdown completed.
2024-10-24 17:53:47 - Starting FitnessAppApplication using Java 22.0.2 with PID 4960 (C:\Users\milic\IdeaProjects\Fitness-App\target\classes started by milic in C:\Users\milic\IdeaProjects\Fitness-App)
2024-10-24 17:53:47 - No active profile set, falling back to 1 default profile: "default"
2024-10-24 17:53:48 - Bootstrapping Spring Data JPA repositories in DEFAULT mode.
2024-10-24 17:53:48 - Finished Spring Data repository scanning in 38 ms. Found 4 JPA repository interfaces.
2024-10-24 17:53:49 - Tomcat initialized with port 8080 (http)
2024-10-24 17:53:49 - Initializing ProtocolHandler ["http-nio-8080"]
2024-10-24 17:53:49 - Starting service [Tomcat]
2024-10-24 17:53:49 - Starting Servlet engine: [Apache Tomcat/10.1.28]
2024-10-24 17:53:49 - Initializing Spring embedded WebApplicationContext
2024-10-24 17:53:49 - Root WebApplicationContext: initialization completed in 1138 ms
2024-10-24 17:53:49 - HikariPool-1 - Starting...
2024-10-24 17:53:49 - HikariPool-1 - Added connection conn0: url=jdbc:h2:mem:testdb user=SA
2024-10-24 17:53:49 - HikariPool-1 - Start completed.
2024-10-24 17:53:49 - H2 console available at '/h2-console'. Database available at 'jdbc:h2:mem:testdb'
2024-10-24 17:53:49 - HHH000204: Processing PersistenceUnitInfo [name: default]
2024-10-24 17:53:49 - HHH000412: Hibernate ORM core version 6.5.2.Final
2024-10-24 17:53:49 - HHH000026: Second-level cache disabled
2024-10-24 17:53:49 - No LoadTimeWeaver setup: ignoring JPA class transformer
2024-10-24 17:53:50 - HHH000489: No JTA platform available (set 'hibernate.transaction.jta.platform' to enable JTA platform integration)
2024-10-24 17:53:50 - Initialized JPA EntityManagerFactory for persistence unit 'default'
2024-10-24 17:53:50 - Hibernate is in classpath; If applicable, HQL parser will be used.
2024-10-24 17:53:50 - spring.jpa.open-in-view is enabled by default. Therefore, database queries may be performed during view rendering. Explicitly configure spring.jpa.open-in-view to disable this warning
2024-10-24 17:53:50 - Starting ProtocolHandler ["http-nio-8080"]
2024-10-24 17:53:50 - Tomcat started on port 8080 (http) with context path '/'
2024-10-24 17:53:50 - Started FitnessAppApplication in 3.386 seconds (process running for 6.591)
2024-10-24 17:53:52 - Initializing Spring DispatcherServlet 'dispatcherServlet'
2024-10-24 17:53:52 - Initializing Servlet 'dispatcherServlet'
2024-10-24 17:53:52 - Completed initialization in 1 ms
2024-10-24 17:54:33 - User login attempt: email=mv@gmail.com, password=' OR '1'='1
2024-10-24 17:54:33 - Servlet.service() for servlet [dispatcherServlet] in context with path [] threw exception [Request processing failed: org.springframework.dao.IncorrectResultSizeDataAccessException: Query did not return a unique result: 4 results were returned] with root cause
org.hibernate.NonUniqueResultException: Query did not return a unique result: 4 results were returned
	at org.hibernate.query.spi.AbstractSelectionQuery.uniqueElement(AbstractSelectionQuery.java:578)
	at org.hibernate.query.spi.AbstractSelectionQuery.getSingleResult(AbstractSelectionQuery.java:561)
	at com.project.fitnessapp.repositories.AppUserRepositoryVulnerable.findByEmailAndPasswordUnsafe(AppUserRepositoryVulnerable.java:17)
	at java.base/jdk.internal.reflect.DirectMethodHandleAccessor.invoke(DirectMethodHandleAccessor.java:103)
	at java.base/java.lang.reflect.Method.invoke(Method.java:580)
	at org.springframework.aop.support.AopUtils.invokeJoinpointUsingReflection(AopUtils.java:355)
	at org.springframework.aop.framework.ReflectiveMethodInvocation.invokeJoinpoint(ReflectiveMethodInvocation.java:196)
	at org.springframework.aop.framework.ReflectiveMethodInvocation.proceed(ReflectiveMethodInvocation.java:163)
	at org.springframework.aop.framework.CglibAopProxy$CglibMethodInvocation.proceed(CglibAopProxy.java:768)
	at org.springframework.dao.support.PersistenceExceptionTranslationInterceptor.invoke(PersistenceExceptionTranslationInterceptor.java:138)
	at org.springframework.aop.framework.ReflectiveMethodInvocation.proceed(ReflectiveMethodInvocation.java:184)
	at org.springframework.aop.framework.CglibAopProxy$CglibMethodInvocation.proceed(CglibAopProxy.java:768)
	at org.springframework.aop.framework.CglibAopProxy$DynamicAdvisedInterceptor.intercept(CglibAopProxy.java:720)
	at com.project.fitnessapp.repositories.AppUserRepositoryVulnerable$$SpringCGLIB$$0.findByEmailAndPasswordUnsafe(<generated>)
	at com.project.fitnessapp.services.AppUserService.findByEmailAndPasswordUnsafe(AppUserService.java:20)
	at com.project.fitnessapp.controllers.HomeController.authenticate(HomeController.java:40)
	at java.base/jdk.internal.reflect.DirectMethodHandleAccessor.invoke(DirectMethodHandleAccessor.java:103)
	at java.base/java.lang.reflect.Method.invoke(Method.java:580)
	at org.springframework.web.method.support.InvocableHandlerMethod.doInvoke(InvocableHandlerMethod.java:255)
	at org.springframework.web.method.support.InvocableHandlerMethod.invokeForRequest(InvocableHandlerMethod.java:188)
	at org.springframework.web.servlet.mvc.method.annotation.ServletInvocableHandlerMethod.invokeAndHandle(ServletInvocableHandlerMethod.java:118)
	at org.springframework.web.servlet.mvc.method.annotation.RequestMappingHandlerAdapter.invokeHandlerMethod(RequestMappingHandlerAdapter.java:926)
	at org.springframework.web.servlet.mvc.method.annotation.RequestMappingHandlerAdapter.handleInternal(RequestMappingHandlerAdapter.java:831)
	at org.springframework.web.servlet.mvc.method.AbstractHandlerMethodAdapter.handle(AbstractHandlerMethodAdapter.java:87)
	at org.springframework.web.servlet.DispatcherServlet.doDispatch(DispatcherServlet.java:1089)
	at org.springframework.web.servlet.DispatcherServlet.doService(DispatcherServlet.java:979)
	at org.springframework.web.servlet.FrameworkServlet.processRequest(FrameworkServlet.java:1014)
	at org.springframework.web.servlet.FrameworkServlet.doPost(FrameworkServlet.java:914)
	at jakarta.servlet.http.HttpServlet.service(HttpServlet.java:590)
	at org.springframework.web.servlet.FrameworkServlet.service(FrameworkServlet.java:885)
	at jakarta.servlet.http.HttpServlet.service(HttpServlet.java:658)
	at org.apache.catalina.core.ApplicationFilterChain.internalDoFilter(ApplicationFilterChain.java:195)
	at org.apache.catalina.core.ApplicationFilterChain.doFilter(ApplicationFilterChain.java:140)
	at org.apache.tomcat.websocket.server.WsFilter.doFilter(WsFilter.java:51)
	at org.apache.catalina.core.ApplicationFilterChain.internalDoFilter(ApplicationFilterChain.java:164)
	at org.apache.catalina.core.ApplicationFilterChain.doFilter(ApplicationFilterChain.java:140)
	at org.springframework.web.filter.RequestContextFilter.doFilterInternal(RequestContextFilter.java:100)
	at org.springframework.web.filter.OncePerRequestFilter.doFilter(OncePerRequestFilter.java:116)
	at org.apache.catalina.core.ApplicationFilterChain.internalDoFilter(ApplicationFilterChain.java:164)
	at org.apache.catalina.core.ApplicationFilterChain.doFilter(ApplicationFilterChain.java:140)
	at org.springframework.web.filter.FormContentFilter.doFilterInternal(FormContentFilter.java:93)
	at org.springframework.web.filter.OncePerRequestFilter.doFilter(OncePerRequestFilter.java:116)
	at org.apache.catalina.core.ApplicationFilterChain.internalDoFilter(ApplicationFilterChain.java:164)
	at org.apache.catalina.core.ApplicationFilterChain.doFilter(ApplicationFilterChain.java:140)
	at org.springframework.web.filter.CharacterEncodingFilter.doFilterInternal(CharacterEncodingFilter.java:201)
	at org.springframework.web.filter.OncePerRequestFilter.doFilter(OncePerRequestFilter.java:116)
	at org.apache.catalina.core.ApplicationFilterChain.internalDoFilter(ApplicationFilterChain.java:164)
	at org.apache.catalina.core.ApplicationFilterChain.doFilter(ApplicationFilterChain.java:140)
	at org.apache.catalina.core.StandardWrapperValve.invoke(StandardWrapperValve.java:167)
	at org.apache.catalina.core.StandardContextValve.invoke(StandardContextValve.java:90)
	at org.apache.catalina.authenticator.AuthenticatorBase.invoke(AuthenticatorBase.java:483)
	at org.apache.catalina.core.StandardHostValve.invoke(StandardHostValve.java:115)
	at org.apache.catalina.valves.ErrorReportValve.invoke(ErrorReportValve.java:93)
	at org.apache.catalina.core.StandardEngineValve.invoke(StandardEngineValve.java:74)
	at org.apache.catalina.connector.CoyoteAdapter.service(CoyoteAdapter.java:344)
	at org.apache.coyote.http11.Http11Processor.service(Http11Processor.java:384)
	at org.apache.coyote.AbstractProcessorLight.process(AbstractProcessorLight.java:63)
	at org.apache.coyote.AbstractProtocol$ConnectionHandler.process(AbstractProtocol.java:904)
	at org.apache.tomcat.util.net.NioEndpoint$SocketProcessor.doRun(NioEndpoint.java:1741)
	at org.apache.tomcat.util.net.SocketProcessorBase.run(SocketProcessorBase.java:52)
	at org.apache.tomcat.util.threads.ThreadPoolExecutor.runWorker(ThreadPoolExecutor.java:1190)
	at org.apache.tomcat.util.threads.ThreadPoolExecutor$Worker.run(ThreadPoolExecutor.java:659)
	at org.apache.tomcat.util.threads.TaskThread$WrappingRunnable.run(TaskThread.java:63)
	at java.base/java.lang.Thread.run(Thread.java:1570)
2024-10-24 17:54:33 - [THYMELEAF][http-nio-8080-exec-4] Exception processing template "error": Error resolving template [error], template might not exist or might not be accessible by any of the configured Template Resolvers
org.thymeleaf.exceptions.TemplateInputException: Error resolving template [error], template might not exist or might not be accessible by any of the configured Template Resolvers
	at org.thymeleaf.engine.TemplateManager.resolveTemplate(TemplateManager.java:869)
	at org.thymeleaf.engine.TemplateManager.parseAndProcess(TemplateManager.java:607)
	at org.thymeleaf.TemplateEngine.process(TemplateEngine.java:1103)
	at org.thymeleaf.TemplateEngine.process(TemplateEngine.java:1077)
	at org.thymeleaf.spring6.view.ThymeleafView.renderFragment(ThymeleafView.java:372)
	at org.thymeleaf.spring6.view.ThymeleafView.render(ThymeleafView.java:192)
	at org.springframework.web.servlet.DispatcherServlet.render(DispatcherServlet.java:1432)
	at org.springframework.web.servlet.DispatcherServlet.processDispatchResult(DispatcherServlet.java:1168)
	at org.springframework.web.servlet.DispatcherServlet.doDispatch(DispatcherServlet.java:1106)
	at org.springframework.web.servlet.DispatcherServlet.doService(DispatcherServlet.java:979)
	at org.springframework.web.servlet.FrameworkServlet.processRequest(FrameworkServlet.java:1014)
	at org.springframework.web.servlet.FrameworkServlet.doPost(FrameworkServlet.java:914)
	at jakarta.servlet.http.HttpServlet.service(HttpServlet.java:590)
	at org.springframework.web.servlet.FrameworkServlet.service(FrameworkServlet.java:885)
	at jakarta.servlet.http.HttpServlet.service(HttpServlet.java:658)
	at org.apache.catalina.core.ApplicationFilterChain.internalDoFilter(ApplicationFilterChain.java:195)
	at org.apache.catalina.core.ApplicationFilterChain.doFilter(ApplicationFilterChain.java:140)
	at org.springframework.web.filter.RequestContextFilter.doFilterInternal(RequestContextFilter.java:100)
	at org.springframework.web.filter.OncePerRequestFilter.doFilter(OncePerRequestFilter.java:116)
	at org.apache.catalina.core.ApplicationFilterChain.internalDoFilter(ApplicationFilterChain.java:164)
	at org.apache.catalina.core.ApplicationFilterChain.doFilter(ApplicationFilterChain.java:140)
	at org.springframework.web.filter.OncePerRequestFilter.doFilter(OncePerRequestFilter.java:101)
	at org.apache.catalina.core.ApplicationFilterChain.internalDoFilter(ApplicationFilterChain.java:164)
	at org.apache.catalina.core.ApplicationFilterChain.doFilter(ApplicationFilterChain.java:140)
	at org.springframework.web.filter.OncePerRequestFilter.doFilter(OncePerRequestFilter.java:101)
	at org.apache.catalina.core.ApplicationFilterChain.internalDoFilter(ApplicationFilterChain.java:164)
	at org.apache.catalina.core.ApplicationFilterChain.doFilter(ApplicationFilterChain.java:140)
	at org.apache.catalina.core.ApplicationDispatcher.invoke(ApplicationDispatcher.java:632)
	at org.apache.catalina.core.ApplicationDispatcher.processRequest(ApplicationDispatcher.java:410)
	at org.apache.catalina.core.ApplicationDispatcher.doForward(ApplicationDispatcher.java:330)
	at org.apache.catalina.core.ApplicationDispatcher.forward(ApplicationDispatcher.java:267)
	at org.apache.catalina.core.StandardHostValve.custom(StandardHostValve.java:362)
	at org.apache.catalina.core.StandardHostValve.status(StandardHostValve.java:222)
	at org.apache.catalina.core.StandardHostValve.throwable(StandardHostValve.java:308)
	at org.apache.catalina.core.StandardHostValve.invoke(StandardHostValve.java:149)
	at org.apache.catalina.valves.ErrorReportValve.invoke(ErrorReportValve.java:93)
	at org.apache.catalina.core.StandardEngineValve.invoke(StandardEngineValve.java:74)
	at org.apache.catalina.connector.CoyoteAdapter.service(CoyoteAdapter.java:344)
	at org.apache.coyote.http11.Http11Processor.service(Http11Processor.java:384)
	at org.apache.coyote.AbstractProcessorLight.process(AbstractProcessorLight.java:63)
	at org.apache.coyote.AbstractProtocol$ConnectionHandler.process(AbstractProtocol.java:904)
	at org.apache.tomcat.util.net.NioEndpoint$SocketProcessor.doRun(NioEndpoint.java:1741)
	at org.apache.tomcat.util.net.SocketProcessorBase.run(SocketProcessorBase.java:52)
	at org.apache.tomcat.util.threads.ThreadPoolExecutor.runWorker(ThreadPoolExecutor.java:1190)
	at org.apache.tomcat.util.threads.ThreadPoolExecutor$Worker.run(ThreadPoolExecutor.java:659)
	at org.apache.tomcat.util.threads.TaskThread$WrappingRunnable.run(TaskThread.java:63)
	at java.base/java.lang.Thread.run(Thread.java:1570)
2024-10-24 17:54:33 - Servlet.service() for servlet [dispatcherServlet] threw exception
org.thymeleaf.exceptions.TemplateInputException: Error resolving template [error], template might not exist or might not be accessible by any of the configured Template Resolvers
	at org.thymeleaf.engine.TemplateManager.resolveTemplate(TemplateManager.java:869)
	at org.thymeleaf.engine.TemplateManager.parseAndProcess(TemplateManager.java:607)
	at org.thymeleaf.TemplateEngine.process(TemplateEngine.java:1103)
	at org.thymeleaf.TemplateEngine.process(TemplateEngine.java:1077)
	at org.thymeleaf.spring6.view.ThymeleafView.renderFragment(ThymeleafView.java:372)
	at org.thymeleaf.spring6.view.ThymeleafView.render(ThymeleafView.java:192)
	at org.springframework.web.servlet.DispatcherServlet.render(DispatcherServlet.java:1432)
	at org.springframework.web.servlet.DispatcherServlet.processDispatchResult(DispatcherServlet.java:1168)
	at org.springframework.web.servlet.DispatcherServlet.doDispatch(DispatcherServlet.java:1106)
	at org.springframework.web.servlet.DispatcherServlet.doService(DispatcherServlet.java:979)
	at org.springframework.web.servlet.FrameworkServlet.processRequest(FrameworkServlet.java:1014)
	at org.springframework.web.servlet.FrameworkServlet.doPost(FrameworkServlet.java:914)
	at jakarta.servlet.http.HttpServlet.service(HttpServlet.java:590)
	at org.springframework.web.servlet.FrameworkServlet.service(FrameworkServlet.java:885)
	at jakarta.servlet.http.HttpServlet.service(HttpServlet.java:658)
	at org.apache.catalina.core.ApplicationFilterChain.internalDoFilter(ApplicationFilterChain.java:195)
	at org.apache.catalina.core.ApplicationFilterChain.doFilter(ApplicationFilterChain.java:140)
	at org.springframework.web.filter.RequestContextFilter.doFilterInternal(RequestContextFilter.java:100)
	at org.springframework.web.filter.OncePerRequestFilter.doFilter(OncePerRequestFilter.java:116)
	at org.apache.catalina.core.ApplicationFilterChain.internalDoFilter(ApplicationFilterChain.java:164)
	at org.apache.catalina.core.ApplicationFilterChain.doFilter(ApplicationFilterChain.java:140)
	at org.springframework.web.filter.OncePerRequestFilter.doFilter(OncePerRequestFilter.java:101)
	at org.apache.catalina.core.ApplicationFilterChain.internalDoFilter(ApplicationFilterChain.java:164)
	at org.apache.catalina.core.ApplicationFilterChain.doFilter(ApplicationFilterChain.java:140)
	at org.springframework.web.filter.OncePerRequestFilter.doFilter(OncePerRequestFilter.java:101)
	at org.apache.catalina.core.ApplicationFilterChain.internalDoFilter(ApplicationFilterChain.java:164)
	at org.apache.catalina.core.ApplicationFilterChain.doFilter(ApplicationFilterChain.java:140)
	at org.apache.catalina.core.ApplicationDispatcher.invoke(ApplicationDispatcher.java:632)
	at org.apache.catalina.core.ApplicationDispatcher.processRequest(ApplicationDispatcher.java:410)
	at org.apache.catalina.core.ApplicationDispatcher.doForward(ApplicationDispatcher.java:330)
	at org.apache.catalina.core.ApplicationDispatcher.forward(ApplicationDispatcher.java:267)
	at org.apache.catalina.core.StandardHostValve.custom(StandardHostValve.java:362)
	at org.apache.catalina.core.StandardHostValve.status(StandardHostValve.java:222)
	at org.apache.catalina.core.StandardHostValve.throwable(StandardHostValve.java:308)
	at org.apache.catalina.core.StandardHostValve.invoke(StandardHostValve.java:149)
	at org.apache.catalina.valves.ErrorReportValve.invoke(ErrorReportValve.java:93)
	at org.apache.catalina.core.StandardEngineValve.invoke(StandardEngineValve.java:74)
	at org.apache.catalina.connector.CoyoteAdapter.service(CoyoteAdapter.java:344)
	at org.apache.coyote.http11.Http11Processor.service(Http11Processor.java:384)
	at org.apache.coyote.AbstractProcessorLight.process(AbstractProcessorLight.java:63)
	at org.apache.coyote.AbstractProtocol$ConnectionHandler.process(AbstractProtocol.java:904)
	at org.apache.tomcat.util.net.NioEndpoint$SocketProcessor.doRun(NioEndpoint.java:1741)
	at org.apache.tomcat.util.net.SocketProcessorBase.run(SocketProcessorBase.java:52)
	at org.apache.tomcat.util.threads.ThreadPoolExecutor.runWorker(ThreadPoolExecutor.java:1190)
	at org.apache.tomcat.util.threads.ThreadPoolExecutor$Worker.run(ThreadPoolExecutor.java:659)
	at org.apache.tomcat.util.threads.TaskThread$WrappingRunnable.run(TaskThread.java:63)
	at java.base/java.lang.Thread.run(Thread.java:1570)
2024-10-24 17:54:33 - Exception Processing [ErrorPage[errorCode=0, location=/error]]
jakarta.servlet.ServletException: Request processing failed: org.thymeleaf.exceptions.TemplateInputException: Error resolving template [error], template might not exist or might not be accessible by any of the configured Template Resolvers
	at org.springframework.web.servlet.FrameworkServlet.processRequest(FrameworkServlet.java:1022)
	at org.springframework.web.servlet.FrameworkServlet.doPost(FrameworkServlet.java:914)
	at jakarta.servlet.http.HttpServlet.service(HttpServlet.java:590)
	at org.springframework.web.servlet.FrameworkServlet.service(FrameworkServlet.java:885)
	at jakarta.servlet.http.HttpServlet.service(HttpServlet.java:658)
	at org.apache.catalina.core.ApplicationFilterChain.internalDoFilter(ApplicationFilterChain.java:195)
	at org.apache.catalina.core.ApplicationFilterChain.doFilter(ApplicationFilterChain.java:140)
	at org.springframework.web.filter.RequestContextFilter.doFilterInternal(RequestContextFilter.java:100)
	at org.springframework.web.filter.OncePerRequestFilter.doFilter(OncePerRequestFilter.java:116)
	at org.apache.catalina.core.ApplicationFilterChain.internalDoFilter(ApplicationFilterChain.java:164)
	at org.apache.catalina.core.ApplicationFilterChain.doFilter(ApplicationFilterChain.java:140)
	at org.springframework.web.filter.OncePerRequestFilter.doFilter(OncePerRequestFilter.java:101)
	at org.apache.catalina.core.ApplicationFilterChain.internalDoFilter(ApplicationFilterChain.java:164)
	at org.apache.catalina.core.ApplicationFilterChain.doFilter(ApplicationFilterChain.java:140)
	at org.springframework.web.filter.OncePerRequestFilter.doFilter(OncePerRequestFilter.java:101)
	at org.apache.catalina.core.ApplicationFilterChain.internalDoFilter(ApplicationFilterChain.java:164)
	at org.apache.catalina.core.ApplicationFilterChain.doFilter(ApplicationFilterChain.java:140)
	at org.apache.catalina.core.ApplicationDispatcher.invoke(ApplicationDispatcher.java:632)
	at org.apache.catalina.core.ApplicationDispatcher.processRequest(ApplicationDispatcher.java:410)
	at org.apache.catalina.core.ApplicationDispatcher.doForward(ApplicationDispatcher.java:330)
	at org.apache.catalina.core.ApplicationDispatcher.forward(ApplicationDispatcher.java:267)
	at org.apache.catalina.core.StandardHostValve.custom(StandardHostValve.java:362)
	at org.apache.catalina.core.StandardHostValve.status(StandardHostValve.java:222)
	at org.apache.catalina.core.StandardHostValve.throwable(StandardHostValve.java:308)
	at org.apache.catalina.core.StandardHostValve.invoke(StandardHostValve.java:149)
	at org.apache.catalina.valves.ErrorReportValve.invoke(ErrorReportValve.java:93)
	at org.apache.catalina.core.StandardEngineValve.invoke(StandardEngineValve.java:74)
	at org.apache.catalina.connector.CoyoteAdapter.service(CoyoteAdapter.java:344)
	at org.apache.coyote.http11.Http11Processor.service(Http11Processor.java:384)
	at org.apache.coyote.AbstractProcessorLight.process(AbstractProcessorLight.java:63)
	at org.apache.coyote.AbstractProtocol$ConnectionHandler.process(AbstractProtocol.java:904)
	at org.apache.tomcat.util.net.NioEndpoint$SocketProcessor.doRun(NioEndpoint.java:1741)
	at org.apache.tomcat.util.net.SocketProcessorBase.run(SocketProcessorBase.java:52)
	at org.apache.tomcat.util.threads.ThreadPoolExecutor.runWorker(ThreadPoolExecutor.java:1190)
	at org.apache.tomcat.util.threads.ThreadPoolExecutor$Worker.run(ThreadPoolExecutor.java:659)
	at org.apache.tomcat.util.threads.TaskThread$WrappingRunnable.run(TaskThread.java:63)
	at java.base/java.lang.Thread.run(Thread.java:1570)
Caused by: org.thymeleaf.exceptions.TemplateInputException: Error resolving template [error], template might not exist or might not be accessible by any of the configured Template Resolvers
	at org.thymeleaf.engine.TemplateManager.resolveTemplate(TemplateManager.java:869)
	at org.thymeleaf.engine.TemplateManager.parseAndProcess(TemplateManager.java:607)
	at org.thymeleaf.TemplateEngine.process(TemplateEngine.java:1103)
	at org.thymeleaf.TemplateEngine.process(TemplateEngine.java:1077)
	at org.thymeleaf.spring6.view.ThymeleafView.renderFragment(ThymeleafView.java:372)
	at org.thymeleaf.spring6.view.ThymeleafView.render(ThymeleafView.java:192)
	at org.springframework.web.servlet.DispatcherServlet.render(DispatcherServlet.java:1432)
	at org.springframework.web.servlet.DispatcherServlet.processDispatchResult(DispatcherServlet.java:1168)
	at org.springframework.web.servlet.DispatcherServlet.doDispatch(DispatcherServlet.java:1106)
	at org.springframework.web.servlet.DispatcherServlet.doService(DispatcherServlet.java:979)
	at org.springframework.web.servlet.FrameworkServlet.processRequest(FrameworkServlet.java:1014)
	... 36 common frames omitted
2024-10-24 18:06:25 - Closing JPA EntityManagerFactory for persistence unit 'default'
2024-10-24 18:06:25 - HikariPool-1 - Shutdown initiated...
2024-10-24 18:06:25 - HikariPool-1 - Shutdown completed.
