2024-11-07 14:45:19 - Starting FitnessAppApplication using Java 22.0.2 with PID 14468 (C:\Users\milic\IdeaProjects\Fitness-App\target\classes started by milic in C:\Users\milic\IdeaProjects\Fitness-App)
2024-11-07 14:45:19 - No active profile set, falling back to 1 default profile: "default"
2024-11-07 14:45:20 - Bootstrapping Spring Data JPA repositories in DEFAULT mode.
2024-11-07 14:45:20 - Finished Spring Data repository scanning in 50 ms. Found 4 JPA repository interfaces.
2024-11-07 14:45:21 - Tomcat initialized with port 8080 (http)
2024-11-07 14:45:21 - Initializing ProtocolHandler ["http-nio-8080"]
2024-11-07 14:45:21 - Starting service [Tomcat]
2024-11-07 14:45:21 - Starting Servlet engine: [Apache Tomcat/10.1.28]
2024-11-07 14:45:21 - Initializing Spring embedded WebApplicationContext
2024-11-07 14:45:21 - Root WebApplicationContext: initialization completed in 1310 ms
2024-11-07 14:45:21 - HikariPool-1 - Starting...
2024-11-07 14:45:21 - HikariPool-1 - Added connection conn0: url=jdbc:h2:mem:testdb user=MILAVIDOESKA
2024-11-07 14:45:21 - HikariPool-1 - Start completed.
2024-11-07 14:45:21 - H2 console available at '/h2-console'. Database available at 'jdbc:h2:mem:testdb'
2024-11-07 14:45:21 - HHH000204: Processing PersistenceUnitInfo [name: default]
2024-11-07 14:45:21 - HHH000412: Hibernate ORM core version 6.5.2.Final
2024-11-07 14:45:21 - HHH000026: Second-level cache disabled
2024-11-07 14:45:22 - No LoadTimeWeaver setup: ignoring JPA class transformer
2024-11-07 14:45:23 - HHH000489: No JTA platform available (set 'hibernate.transaction.jta.platform' to enable JTA platform integration)
2024-11-07 14:45:23 - Initialized JPA EntityManagerFactory for persistence unit 'default'
2024-11-07 14:45:23 - spring.jpa.open-in-view is enabled by default. Therefore, database queries may be performed during view rendering. Explicitly configure spring.jpa.open-in-view to disable this warning
2024-11-07 14:45:23 - Global AuthenticationManager configured with UserDetailsService bean with name userDetailsService
2024-11-07 14:45:24 - Starting ProtocolHandler ["http-nio-8080"]
2024-11-07 14:45:24 - Tomcat started on port 8080 (http) with context path '/'
2024-11-07 14:45:24 - Started FitnessAppApplication in 5.151 seconds (process running for 6.66)
2024-11-07 14:45:29 - Initializing Spring DispatcherServlet 'dispatcherServlet'
2024-11-07 14:45:29 - Initializing Servlet 'dispatcherServlet'
2024-11-07 14:45:29 - Completed initialization in 0 ms
2024-11-07 14:45:51 - Successful login for user: mv@gmail.com
2024-11-07 14:46:56 - Successful login for user: mv@gmail.com
2024-11-07 15:45:32 - Successful login for user: mv@gmail.com
2024-11-07 16:24:27 - Failed login attempt for user: mv@gmail.com
2024-11-07 16:24:32 - Failed login attempt for user: dvdsvds
2024-11-07 16:24:43 - Failed login attempt for user: cdssd
2024-11-07 16:24:48 - Failed login attempt for user: ds ds
2024-11-07 16:31:58 - HikariPool-1 - Thread starvation or clock leap detected (housekeeper delta=1m5s627ms252µs500ns).
2024-11-07 17:09:26 - Closing JPA EntityManagerFactory for persistence unit 'default'
2024-11-07 17:09:26 - HikariPool-1 - Shutdown initiated...
2024-11-07 17:09:26 - HikariPool-1 - Shutdown completed.
